// Jest Snapshot v1, https://goo.gl/fbAQLP

exports[`matches snapshot 1`] = `
<DocumentFragment>
  <header
    class="MuiPaper-root MuiPaper-elevation MuiPaper-elevation4 MuiAppBar-root MuiAppBar-color MuiAppBar-positionStatic css-4t15h5-MuiPaper-root-MuiAppBar-root"
  >
    <h6
      class="MuiTypography-root MuiTypography-h6 css-1vhzle8-MuiTypography-root"
    >
      My Todo List
    </h6>
    <div
      class="MuiBox-root css-102lqhp"
    >
      <button
        class="MuiButtonBase-root MuiButton-root MuiButton-contained MuiButton-containedSuccess MuiButton-sizeMedium MuiButton-containedSizeMedium MuiButton-root MuiButton-contained MuiButton-containedSuccess MuiButton-sizeMedium MuiButton-containedSizeMedium css-1a1w8ve-MuiButtonBase-root-MuiButton-root"
        tabindex="0"
        type="button"
      >
        <span
          class="MuiTypography-root MuiTypography-body css-37jdci-MuiTypography-root"
        >
          ADD NEW
        </span>
        <span
          class="MuiTouchRipple-root css-8je8zh-MuiTouchRipple-root"
        />
      </button>
      <button
        class="MuiButtonBase-root MuiButton-root MuiButton-contained MuiButton-containedError MuiButton-sizeMedium MuiButton-containedSizeMedium MuiButton-root MuiButton-contained MuiButton-containedError MuiButton-sizeMedium MuiButton-containedSizeMedium css-nxsgnf-MuiButtonBase-root-MuiButton-root"
        tabindex="0"
        type="button"
      >
        Sign Out
        <span
          class="MuiTouchRipple-root css-8je8zh-MuiTouchRipple-root"
        />
      </button>
    </div>
  </header>
</DocumentFragment>
`;
